Testing Bedrock Connection...
python : Traceback (most recent call last):
At line:1 char:1
+ python test_bedrock.py > test_output.txt 2>&1
+ ~~~~~~~~~~~~~~~~~~~~~~~~~~~~~~~~~~~~~~~~~~~~~
    + CategoryInfo          : NotSpecified: (Traceback (most recent 
    call last)::String) [], RemoteException
    + FullyQualifiedErrorId : NativeCommandError
 
  File "D:\hackveda\twin\backend\test_bedrock.py", line 16, in 
test_bedrock_connection
    print("\n\u2705 Bedrock Response Successfully Received:")
  File "C:\Users\USER\AppData\Local\Programs\Python\Python310\lib\en
codings\cp1252.py", line 19, in encode
    return 
codecs.charmap_encode(input,self.errors,encoding_table)[0]
UnicodeEncodeError: 'charmap' codec can't encode character '\u2705' 
in position 2: character maps to <undefined>

During handling of the above exception, another exception occurred:

Traceback (most recent call last):
  File "D:\hackveda\twin\backend\test_bedrock.py", line 41, in 
<module>
    test_bedrock_connection()
  File "D:\hackveda\twin\backend\test_bedrock.py", line 21, in 
test_bedrock_connection
    print("\n\u274c Bedrock Test Failed:")
  File "C:\Users\USER\AppData\Local\Programs\Python\Python310\lib\en
codings\cp1252.py", line 19, in encode
    return 
codecs.charmap_encode(input,self.errors,encoding_table)[0]
UnicodeEncodeError: 'charmap' codec can't encode character '\u274c' 
in position 2: character maps to <undefined>
